val_int =  125
val_float   = 2.3
val_str  = non saprei
multiline_1 = 1, 2, 3
multiline_2 = 1, 2, 3
multiline_3 = 1, 2, 3
multiline_4 = 1, 2, 3
multiline_5 = 1, 2, 3
multiline_6 = 1, 2, 3